Traceback (most recent call last):
  File "/Users/apple/Desktop/System_Design/batch_processing_system/api.py", line 1, in <module>
    from fastapi import FastAPI, HTTPException, BackgroundTasks
  File "/Library/Frameworks/Python.framework/Versions/3.13/lib/python3.13/site-packages/fastapi/__init__.py", line 7, in <module>
    from .applications import FastAPI as FastAPI
  File "/Library/Frameworks/Python.framework/Versions/3.13/lib/python3.13/site-packages/fastapi/applications.py", line 16, in <module>
    from fastapi import routing
  File "/Library/Frameworks/Python.framework/Versions/3.13/lib/python3.13/site-packages/fastapi/routing.py", line 22, in <module>
    from fastapi import params
  File "/Library/Frameworks/Python.framework/Versions/3.13/lib/python3.13/site-packages/fastapi/params.py", line 5, in <module>
    from fastapi.openapi.models import Example
  File "/Library/Frameworks/Python.framework/Versions/3.13/lib/python3.13/site-packages/fastapi/openapi/models.py", line 58, in <module>
    class Contact(BaseModel):
    ...<10 lines>...
                extra = "allow"
  File "/Library/Frameworks/Python.framework/Versions/3.13/lib/python3.13/site-packages/pydantic/_internal/_model_construction.py", line 255, in __new__
    complete_model_class(
    ~~~~~~~~~~~~~~~~~~~~^
        cls,
        ^^^^
    ...<3 lines>...
        create_model_module=_create_model_module,
        ^^^^^^^^^^^^^^^^^^^^^^^^^^^^^^^^^^^^^^^^^
    )
    ^
  File "/Library/Frameworks/Python.framework/Versions/3.13/lib/python3.13/site-packages/pydantic/_internal/_model_construction.py", line 648, in complete_model_class
    schema = gen_schema.generate_schema(cls)
  File "/Library/Frameworks/Python.framework/Versions/3.13/lib/python3.13/site-packages/pydantic/_internal/_generate_schema.py", line 729, in generate_schema
    schema = self._generate_schema_inner(obj)
  File "/Library/Frameworks/Python.framework/Versions/3.13/lib/python3.13/site-packages/pydantic/_internal/_generate_schema.py", line 1023, in _generate_schema_inner
    return self._model_schema(obj)
           ~~~~~~~~~~~~~~~~~~^^^^^
  File "/Library/Frameworks/Python.framework/Versions/3.13/lib/python3.13/site-packages/pydantic/_internal/_generate_schema.py", line 856, in _model_schema
    {k: self._generate_md_field_schema(k, v, decorators) for k, v in fields.items()},
        ~~~~~~~~~~~~~~~~~~~~~~~~~~~~~~^^^^^^^^^^^^^^^^^^
  File "/Library/Frameworks/Python.framework/Versions/3.13/lib/python3.13/site-packages/pydantic/_internal/_generate_schema.py", line 1228, in _generate_md_field_schema
    schema, metadata = self._common_field_schema(name, field_info, decorators)
                       ~~~~~~~~~~~~~~~~~~~~~~~~~^^^^^^^^^^^^^^^^^^^^^^^^^^^^^^
  File "/Library/Frameworks/Python.framework/Versions/3.13/lib/python3.13/site-packages/pydantic/_internal/_generate_schema.py", line 1282, in _common_field_schema
    schema = self._apply_annotations(
        source_type,
        annotations + validators_from_decorators,
    )
  File "/Library/Frameworks/Python.framework/Versions/3.13/lib/python3.13/site-packages/pydantic/_internal/_generate_schema.py", line 2227, in _apply_annotations
    schema = get_inner_schema(source_type)
  File "/Library/Frameworks/Python.framework/Versions/3.13/lib/python3.13/site-packages/pydantic/_internal/_schema_generation_shared.py", line 83, in __call__
    schema = self._handler(source_type)
  File "/Library/Frameworks/Python.framework/Versions/3.13/lib/python3.13/site-packages/pydantic/_internal/_generate_schema.py", line 2206, in inner_handler
    schema = self._generate_schema_inner(obj)
  File "/Library/Frameworks/Python.framework/Versions/3.13/lib/python3.13/site-packages/pydantic/_internal/_generate_schema.py", line 1028, in _generate_schema_inner
    return self.match_type(obj)
           ~~~~~~~~~~~~~~~^^^^^
  File "/Library/Frameworks/Python.framework/Versions/3.13/lib/python3.13/site-packages/pydantic/_internal/_generate_schema.py", line 1144, in match_type
    return self._match_generic_type(obj, origin)
           ~~~~~~~~~~~~~~~~~~~~~~~~^^^^^^^^^^^^^
  File "/Library/Frameworks/Python.framework/Versions/3.13/lib/python3.13/site-packages/pydantic/_internal/_generate_schema.py", line 1167, in _match_generic_type
    return self._union_schema(obj)
           ~~~~~~~~~~~~~~~~~~^^^^^
  File "/Library/Frameworks/Python.framework/Versions/3.13/lib/python3.13/site-packages/pydantic/_internal/_generate_schema.py", line 1327, in _union_schema
    choices.append(self.generate_schema(arg))
                   ~~~~~~~~~~~~~~~~~~~~^^^^^
  File "/Library/Frameworks/Python.framework/Versions/3.13/lib/python3.13/site-packages/pydantic/_internal/_generate_schema.py", line 726, in generate_schema
    schema = self._generate_schema_from_get_schema_method(obj, obj)
  File "/Library/Frameworks/Python.framework/Versions/3.13/lib/python3.13/site-packages/pydantic/_internal/_generate_schema.py", line 919, in _generate_schema_from_get_schema_method
    schema = get_schema(
        source, CallbackGetCoreSchemaHandler(self._generate_schema_inner, self, ref_mode=ref_mode)
    )
  File "/Library/Frameworks/Python.framework/Versions/3.13/lib/python3.13/site-packages/pydantic/networks.py", line 1005, in __get_pydantic_core_schema__
    import_email_validator()
    ~~~~~~~~~~~~~~~~~~~~~~^^
  File "/Library/Frameworks/Python.framework/Versions/3.13/lib/python3.13/site-packages/pydantic/networks.py", line 969, in import_email_validator
    raise ImportError('email-validator version >= 2.0 required, run pip install -U email-validator')
ImportError: email-validator version >= 2.0 required, run pip install -U email-validator
